============================= test session starts ==============================
platform linux -- Python 3.12.12, pytest-9.0.2, pluggy-1.6.0
rootdir: /app
configfile: pyproject.toml
testpaths: tests
plugins: cov-5.0.0, anyio-4.12.0, hypothesis-6.148.8, respx-0.22.0, asyncio-1.3.0
asyncio: mode=Mode.STRICT, debug=False, asyncio_default_fixture_loop_scope=function, asyncio_default_test_loop_scope=function
collected 202 items

tests/edge_cases/test_anchor_extra_edge_cases.py ......                  [  2%]
tests/edge_cases/test_gatekeeper_extra_edge_cases.py ...........         [  8%]
tests/edge_cases/test_wrapper_extra_edge_cases.py ..........             [ 13%]
tests/stress/test_concurrency.py .                                       [ 13%]
tests/stress/test_gatekeeper_fuzz.py ..                                  [ 14%]
tests/test_advanced_edge_cases.py .....                                  [ 17%]
tests/test_anchor.py .........                                           [ 21%]
tests/test_anchor_edge_cases.py ...                                      [ 23%]
tests/test_anchor_env.py .                                               [ 23%]
tests/test_auditor.py .................                                  [ 32%]
tests/test_auditor_extra.py .                                            [ 32%]
tests/test_auditor_llm.py .                                              [ 33%]
tests/test_complex_data.py ....                                          [ 35%]
tests/test_concurrency_stress.py .                                       [ 35%]
tests/test_context_leak.py ...                                           [ 37%]
tests/test_exceptions.py ..                                              [ 38%]
tests/test_exports.py .                                                  [ 38%]
tests/test_gatekeeper.py ................                                [ 46%]
tests/test_holistic_scenarios.py .....                                   [ 49%]
tests/test_infrastructure.py ..                                          [ 50%]
tests/test_init_handshake.py ..                                          [ 50%]
tests/test_integration_workflow.py .....                                 [ 53%]
tests/test_logging_utils.py .............                                [ 59%]
tests/test_main.py .......                                               [ 63%]
tests/test_quota.py ......                                               [ 66%]
tests/test_resilience.py .........                                       [ 70%]
tests/test_robustness.py .......                                         [ 74%]
tests/test_sanitizer.py .................                                [ 82%]
tests/test_side_effects.py ....                                          [ 84%]
tests/test_wrapper.py ......................                             [ 95%]
tests/test_wrapper_complex.py .....                                      [ 98%]
tests/test_wrapper_sanitization.py ....                                  [100%]

---------- coverage: platform linux, python 3.12.12-final-0 ----------
Name                                    Stmts   Miss  Cover   Missing
---------------------------------------------------------------------
src/coreason_veritas/__init__.py           20      0   100%
src/coreason_veritas/anchor.py             35      0   100%
src/coreason_veritas/auditor.py            90      0   100%
src/coreason_veritas/exceptions.py         27      0   100%
src/coreason_veritas/gatekeeper.py         39      0   100%
src/coreason_veritas/logging_utils.py     109      0   100%
src/coreason_veritas/main.py               39      0   100%
src/coreason_veritas/quota.py              25      0   100%
src/coreason_veritas/resilience.py         56      0   100%
src/coreason_veritas/sanitizer.py          88      0   100%
src/coreason_veritas/wrapper.py           154      0   100%
---------------------------------------------------------------------
TOTAL                                     682      0   100%

Required test coverage of 100% reached. Total coverage: 100.00%

======================== 202 passed in 62.30s (0:01:02) ========================
